Microchip MPLAB XC8 Compiler V2.45

Linker command line:

-W-3 \
  --edf=C:\Program Files\Microchip\xc8\v2.45\pic\dat\20230818022343_en.msgs \
  -cn -h+dist/default/production\wand-test3.production.sym \
  --cmf=dist/default/production\wand-test3.production.cmf -z -Q16LF1829 \
  -oC:\Users\rober\AppData\Local\Temp\xcAs1njk.\driver_tmp_3.o \
  --defsym=__MPLAB_BUILD=1 --fixupoverflow=error \
  -Mdist/default/production/wand-test3.production.map \
  --md=C:\Users\rober\AppData\Local\Temp\xcAs1njk.\driver_tmp_0.dat -E1 \
  -ver=XC8 Compiler --acfsm=1493 -ACODE=00h-07FFhx4 -ASTRCODE=00h-01FFFh \
  -ASTRING=00h-0FFhx32 -ACONST=00h-0FFhx32 -AENTRY=00h-0FFhx32 \
  -ACOMMON=070h-07Fh -ABANK0=020h-06Fh -ABANK1=0A0h-0EFh \
  -ABANK2=0120h-016Fh -ABANK3=01A0h-01EFh -ABANK4=0220h-026Fh \
  -ABANK5=02A0h-02EFh -ABANK6=0320h-036Fh -ABANK7=03A0h-03EFh \
  -ABANK8=0420h-046Fh -ABANK9=04A0h-04EFh -ABANK10=0520h-056Fh \
  -ABANK11=05A0h-05EFh -ABANK12=0620h-064Fh -ABIGRAM=02000h-023EFh \
  -ARAM=020h-06Fh,0A0h-0EFh,0120h-016Fh,01A0h-01EFh,0220h-026Fh,02A0h-02EFh,0320h-036Fh,03A0h-03EFh,0420h-046Fh,04A0h-04EFh,0520h-056Fh,05A0h-05EFh,0620h-064Fh \
  -AABS1=020h-07Fh,0A0h-0EFh,0120h-016Fh,01A0h-01EFh,0220h-026Fh,02A0h-02EFh,0320h-036Fh,03A0h-03EFh,0420h-046Fh,04A0h-04EFh,0520h-056Fh,05A0h-05EFh,0620h-064Fh \
  -ASFR0=00h-01Fh -ASFR1=080h-09Fh -ASFR2=0100h-011Fh -ASFR3=0180h-019Fh \
  -ASFR4=0200h-021Fh -ASFR5=0280h-029Fh -ASFR6=0300h-031Fh \
  -ASFR7=0380h-039Fh -ASFR8=0400h-041Fh -ASFR9=0480h-049Fh \
  -ASFR10=0500h-051Fh -ASFR11=0580h-059Fh -ASFR12=0600h-061Fh \
  -ASFR13=0680h-06EFh -ASFR14=0700h-076Fh -ASFR15=0780h-07EFh \
  -ASFR16=0800h-086Fh -ASFR17=0880h-08EFh -ASFR18=0900h-096Fh \
  -ASFR19=0980h-09EFh -ASFR20=0A00h-0A6Fh -ASFR21=0A80h-0AEFh \
  -ASFR22=0B00h-0B6Fh -ASFR23=0B80h-0BEFh -ASFR24=0C00h-0C6Fh \
  -ASFR25=0C80h-0CEFh -ASFR26=0D00h-0D6Fh -ASFR27=0D80h-0DEFh \
  -ASFR28=0E00h-0E6Fh -ASFR29=0E80h-0EEFh -ASFR30=0F00h-0F6Fh \
  -ASFR31=0F80h-0FEFh -ACONFIG=08007h-08008h -DCONFIG=2 \
  -AIDLOC=08000h-08003h -DIDLOC=2 -AEEDATA=00h-0FFh/0F000h \
  -peeprom_data=EEDATA -DEEDATA=2 -DCODE=2 -DSTRCODE=2 -DSTRING=2 -DCONST=2 \
  -DENTRY=2 -preset_vec=00h,intentry,init,end_init -ppowerup=CODE \
  -pcinit=CODE -pfunctab=ENTRY -k \
  C:\Users\rober\AppData\Local\Temp\xcAs1njk.\driver_tmp_20.o \
  dist/default/production\wand-test3.production.o 

Object code version is 3.11

Machine type is 16LF1829



                Name                               Link     Load   Length Selector   Space Scale
C:\Users\rober\AppData\Local\Temp\xcAs1njk.\driver_tmp_20.o
                end_init                              2        2        2        0       0
                reset_vec                             0        0        2        0       0
                config                             8007     8007        2        0       4
dist/default/production\wand-test3.production.o
                cinit                               7DC      7DC       24      FB8       0
                config                             8007     8007        2        0       4
                text81                              BA8      BA8        3     1750       0
                text80                              BAB      BAB        3     1756       0
                text79                              BAE      BAE        3     175C       0
                text78                              D97      D97       18     1B2E       0
                text77                              BB1      BB1        3     1762       0
                text76                              BB4      BB4        3     1768       0
                text75                              BB7      BB7        3     176E       0
                text74                              CAD      CAD        E     195A       0
                text73                              EB1      EB1       24     1D62       0
                text72                              C71      C71        B     18E2       0
                text71                              CE7      CE7       11     19CE       0
                text70                              CF8      CF8       11     19F0       0
                text69                              D09      D09       11     1A12       0
                text68                              D1A      D1A       11     1A34       0
                text67                              DAF      DAF       18     1B5E       0
                text66                              BA6      BA6        2     174C       0
                text65                                4        4        2        0       0
                text64                              BBA      BBA        3     1774       0
                text63                              BC3      BC3        4     1786       0
                text62                              BBD      BBD        3     177A       0
                text61                              BC7      BC7        4     178E       0
                text60                              BD3      BD3        5     17A6       0
                text59                              C0A      C0A        6     1814       0
                text58                              BC0      BC0        3     1780       0
                text57                              F25      F25       2D     1E4A       0
                text56                              BD8      BD8        5     17B0       0
                text55                              C4B      C4B        9     1896       0
                text54                              C3B      C3B        8     1876       0
                text53                               38       38       53       70       0
                text52                              FBD      FBD       43     1F7A       0
                text51                              C34      C34        7     1868       0
                text50                              BDD      BDD        5     17BA       0
                text49                              BE2      BE2        5     17C4       0
                text48                              BE7      BE7        5     17CE       0
                text47                              BEC      BEC        5     17D8       0
                text46                              BF1      BF1        5     17E2       0
                text45                              BF6      BF6        5     17EC       0
                text44                              BFB      BFB        5     17F6       0
                text43                              C00      C00        5     1800       0
                text42                              ED5      ED5       28     1DAA       0
                text41                              EFD      EFD       28     1DFA       0
                text40                              C10      C10        6     1820       0
                text39                              C93      C93        D     1926       0
                text38                              DE2      DE2       1C     1BC4       0
                text37                              C05      C05        5     180A       0
                text36                              CA0      CA0        D     1940       0
                text35                              F87      F87       36     1F0E       0
                text34                              C7C      C7C        B     18F8       0
                text33                              F52      F52       35     1EA4       0
                text32                                6        6       32        C       0
                text31                              CBB      CBB        E     1976       0
                text30                              CC9      CC9        E     1992       0
                text29                              C16      C16        6     182C       0
                text28                              C1C      C1C        6     1838       0
                text27                              C22      C22        6     1844       0
                text26                              E8E      E8E       23     1D1C       0
                text25                              C54      C54        9     18A8       0
                text24                              C87      C87        C     190E       0
                text23                              DFE      DFE       1C     1BFC       0
                text22                              C5D      C5D        A     18BA       0
                text21                              C43      C43        8     1886       0
                text20                              BCB      BCB        4     1796       0
                text19                              E1A      E1A       1C     1C34       0
                text18                              D3C      D3C       16     1A78       0
                text17                              D52      D52       17     1AA4       0
                text16                              D69      D69       17     1AD2       0
                text15                              D80      D80       17     1B00       0
                text14                              C67      C67        A     18CE       0
                text13                              C28      C28        6     1850       0
                text12                               8B       8B       5D      116       0
                text11                               E8       E8       80      1D0       0
                text10                              E52      E52       1E     1CA4       0
                text9                               CD7      CD7       10     19AE       0
                text8                               168      168       9E      2D0       0
                text7                               206      206       A0      40C       0
                text6                               E36      E36       1C     1C6C       0
                text5                               D2B      D2B       11     1A56       0
                text4                               34A      34A      16F      694       0
                text3                               2A6      2A6       A4      54C       0
                text2                               E70      E70       1E     1CE0       0
                text1                               DC7      DC7       1B     1B8E       0
                maintext                            4B9      4B9      323      972       0
                cstackBANK0                          20       20       2D       20       1
                cstackCOMMON                         70       70        E       70       1
                clrtext                             C2E      C2E        6     185C       0
                dataBANK1                            C6       C6        4       A0       1
                bssBANK1                             A0       A0       26       A0       1
                bssBANK0                             4D       4D       23       20       1
                stringtext13                       10DF     10DF        A     2000       0
                stringtext12                       10D3     10D3        C     2000       0
                stringtext11                       10C7     10C7        C     2000       0
                stringtext10                       10BB     10BB        C     2000       0
                stringtext9                        10AF     10AF        C     2000       0
                stringtext8                        10A3     10A3        C     2000       0
                stringtext7                        1096     1096        D     2000       0
                stringtext6                        1087     1087        F     2000       0
                stringtext5                        1075     1075       12     2000       0
                stringtext4                        1062     1062       13     2000       0
                stringtext3                        104E     104E       14     2000       0
                stringtext2                        1037     1037       17     2000       0
                stringtext1                        1000     1000       37     2000       0
                idataBANK1                          BCF      BCF        4     179E       0

TOTAL           Name                               Link     Load   Length     Space
        CLASS   CODE           
                end_init                              2        2        2         0
                cinit                               7DC      7DC       24         0
                reset_vec                             0        0        2         0
                text81                              BA8      BA8        3         0
                text80                              BAB      BAB        3         0
                text79                              BAE      BAE        3         0
                text78                              D97      D97       18         0
                text77                              BB1      BB1        3         0
                text76                              BB4      BB4        3         0
                text75                              BB7      BB7        3         0
                text74                              CAD      CAD        E         0
                text73                              EB1      EB1       24         0
                text72                              C71      C71        B         0
                text71                              CE7      CE7       11         0
                text70                              CF8      CF8       11         0
                text69                              D09      D09       11         0
                text68                              D1A      D1A       11         0
                text67                              DAF      DAF       18         0
                text66                              BA6      BA6        2         0
                text65                                4        4        2         0
                text64                              BBA      BBA        3         0
                text63                              BC3      BC3        4         0
                text62                              BBD      BBD        3         0
                text61                              BC7      BC7        4         0
                text60                              BD3      BD3        5         0
                text59                              C0A      C0A        6         0
                text58                              BC0      BC0        3         0
                text57                              F25      F25       2D         0
                text56                              BD8      BD8        5         0
                text55                              C4B      C4B        9         0
                text54                              C3B      C3B        8         0
                text53                               38       38       53         0
                text52                              FBD      FBD       43         0
                text51                              C34      C34        7         0
                text50                              BDD      BDD        5         0
                text49                              BE2      BE2        5         0
                text48                              BE7      BE7        5         0
                text47                              BEC      BEC        5         0
                text46                              BF1      BF1        5         0
                text45                              BF6      BF6        5         0
                text44                              BFB      BFB        5         0
                text43                              C00      C00        5         0
                text42                              ED5      ED5       28         0
                text41                              EFD      EFD       28         0
                text40                              C10      C10        6         0
                text39                              C93      C93        D         0
                text38                              DE2      DE2       1C         0
                text37                              C05      C05        5         0
                text36                              CA0      CA0        D         0
                text35                              F87      F87       36         0
                text34                              C7C      C7C        B         0
                text33                              F52      F52       35         0
                text32                                6        6       32         0
                text31                              CBB      CBB        E         0
                text30                              CC9      CC9        E         0
                text29                              C16      C16        6         0
                text28                              C1C      C1C        6         0
                text27                              C22      C22        6         0
                text26                              E8E      E8E       23         0
                text25                              C54      C54        9         0
                text24                              C87      C87        C         0
                text23                              DFE      DFE       1C         0
                text22                              C5D      C5D        A         0
                text21                              C43      C43        8         0
                text20                              BCB      BCB        4         0
                text19                              E1A      E1A       1C         0
                text18                              D3C      D3C       16         0
                text17                              D52      D52       17         0
                text16                              D69      D69       17         0
                text15                              D80      D80       17         0
                text14                              C67      C67        A         0
                text13                              C28      C28        6         0
                text12                               8B       8B       5D         0
                text11                               E8       E8       80         0
                text10                              E52      E52       1E         0
                text9                               CD7      CD7       10         0
                text8                               168      168       9E         0
                text7                               206      206       A0         0
                text6                               E36      E36       1C         0
                text5                               D2B      D2B       11         0
                text4                               34A      34A      16F         0
                text3                               2A6      2A6       A4         0
                text2                               E70      E70       1E         0
                text1                               DC7      DC7       1B         0
                maintext                            4B9      4B9      323         0
                clrtext                             C2E      C2E        6         0
                idataBANK1                          BCF      BCF        4         0

        CLASS   STRCODE        
                stringtext13                       10DF     10DF        A         0
                stringtext12                       10D3     10D3        C         0
                stringtext11                       10C7     10C7        C         0
                stringtext10                       10BB     10BB        C         0
                stringtext9                        10AF     10AF        C         0
                stringtext8                        10A3     10A3        C         0
                stringtext7                        1096     1096        D         0
                stringtext6                        1087     1087        F         0
                stringtext5                        1075     1075       12         0
                stringtext4                        1062     1062       13         0
                stringtext3                        104E     104E       14         0
                stringtext2                        1037     1037       17         0
                stringtext1                        1000     1000       37         0

        CLASS   STRING         

        CLASS   CONST          

        CLASS   ENTRY          

        CLASS   COMMON         
                cstackCOMMON                         70       70        E         1

        CLASS   BANK0          
                cstackBANK0                          20       20       2D         1
                bssBANK0                             4D       4D       23         1

        CLASS   BANK1          
                dataBANK1                            C6       C6        4         1
                bssBANK1                             A0       A0       26         1

        CLASS   BANK2          

        CLASS   BANK3          

        CLASS   BANK4          

        CLASS   BANK5          

        CLASS   BANK6          

        CLASS   BANK7          

        CLASS   BANK8          

        CLASS   BANK9          

        CLASS   BANK10         

        CLASS   BANK11         

        CLASS   BANK12         

        CLASS   BIGRAM         

        CLASS   RAM            

        CLASS   ABS1           
                abs_s1                               7E       7E        2         1

        CLASS   SFR0           

        CLASS   SFR1           

        CLASS   SFR2           

        CLASS   SFR3           

        CLASS   SFR4           

        CLASS   SFR5           

        CLASS   SFR6           

        CLASS   SFR7           

        CLASS   SFR8           

        CLASS   SFR9           

        CLASS   SFR10          

        CLASS   SFR11          

        CLASS   SFR12          

        CLASS   SFR13          

        CLASS   SFR14          

        CLASS   SFR15          

        CLASS   SFR16          

        CLASS   SFR17          

        CLASS   SFR18          

        CLASS   SFR19          

        CLASS   SFR20          

        CLASS   SFR21          

        CLASS   SFR22          

        CLASS   SFR23          

        CLASS   SFR24          

        CLASS   SFR25          

        CLASS   SFR26          

        CLASS   SFR27          

        CLASS   SFR28          

        CLASS   SFR29          

        CLASS   SFR30          

        CLASS   SFR31          

        CLASS   CONFIG         
                config                             8007     8007        2         4

        CLASS   IDLOC          

        CLASS   EEDATA         

        CLASS   BANK31         

        CLASS   BANK30         

        CLASS   BANK29         

        CLASS   BANK28         

        CLASS   BANK27         

        CLASS   BANK26         

        CLASS   BANK25         

        CLASS   BANK24         

        CLASS   BANK23         

        CLASS   BANK22         

        CLASS   BANK21         

        CLASS   BANK20         

        CLASS   BANK19         

        CLASS   BANK18         

        CLASS   BANK17         

        CLASS   BANK16         

        CLASS   BANK15         

        CLASS   BANK14         

        CLASS   BANK13         

        CLASS   HEAP           

        CLASS   STACK          



SEGMENTS        Name                           Load    Length   Top    Selector   Space  Class     Delta

                reset_vec                      000000  000006  000006         0       0  CODE        2
                text32                         000006  000032  000038         C       0  CODE        2
                cstackBANK0                    000020  000050  000070        20       1  BANK0       1
                cstackCOMMON                   000070  00000E  00007E        70       1  COMMON      1
                text53                         000038  000053  00008B        70       0  CODE        2
                bssBANK1                       0000A0  00002A  0000CA        A0       1  BANK1       1
                text12                         00008B  00005D  0000E8       116       0  CODE        2
                text11                         0000E8  000080  000168       1D0       0  CODE        2
                text8                          000168  00009E  000206       2D0       0  CODE        2
                text7                          000206  0000A0  0002A6       40C       0  CODE        2
                text3                          0002A6  0000A4  00034A       54C       0  CODE        2
                text4                          00034A  00016F  0004B9       694       0  CODE        2
                maintext                       0004B9  000323  0007DC       972       0  CODE        2
                cinit                          0007DC  000024  000800       FB8       0  CODE        2
                text66                         000BA6  000002  000BA8      174C       0  CODE        2
                text81                         000BA8  000003  000BAB      1750       0  CODE        2
                text80                         000BAB  000003  000BAE      1756       0  CODE        2
                text79                         000BAE  000003  000BB1      175C       0  CODE        2
                text77                         000BB1  000003  000BB4      1762       0  CODE        2
                text76                         000BB4  000003  000BB7      1768       0  CODE        2
                text75                         000BB7  000003  000BBA      176E       0  CODE        2
                text64                         000BBA  000003  000BBD      1774       0  CODE        2
                text62                         000BBD  000003  000BC0      177A       0  CODE        2
                text58                         000BC0  000003  000BC3      1780       0  CODE        2
                text63                         000BC3  000004  000BC7      1786       0  CODE        2
                text61                         000BC7  000004  000BCB      178E       0  CODE        2
                text20                         000BCB  000004  000BCF      1796       0  CODE        2
                idataBANK1                     000BCF  000004  000BD3      179E       0  CODE        2
                text60                         000BD3  000005  000BD8      17A6       0  CODE        2
                text56                         000BD8  000005  000BDD      17B0       0  CODE        2
                text50                         000BDD  000005  000BE2      17BA       0  CODE        2
                text49                         000BE2  000005  000BE7      17C4       0  CODE        2
                text48                         000BE7  000005  000BEC      17CE       0  CODE        2
                text47                         000BEC  000005  000BF1      17D8       0  CODE        2
                text46                         000BF1  000005  000BF6      17E2       0  CODE        2
                text45                         000BF6  000005  000BFB      17EC       0  CODE        2
                text44                         000BFB  000005  000C00      17F6       0  CODE        2
                text43                         000C00  000005  000C05      1800       0  CODE        2
                text37                         000C05  000005  000C0A      180A       0  CODE        2
                text59                         000C0A  000006  000C10      1814       0  CODE        2
                text40                         000C10  000006  000C16      1820       0  CODE        2
                text29                         000C16  000006  000C1C      182C       0  CODE        2
                text28                         000C1C  000006  000C22      1838       0  CODE        2
                text27                         000C22  000006  000C28      1844       0  CODE        2
                text13                         000C28  000006  000C2E      1850       0  CODE        2
                clrtext                        000C2E  000006  000C34      185C       0  CODE        2
                text51                         000C34  000007  000C3B      1868       0  CODE        2
                text54                         000C3B  000008  000C43      1876       0  CODE        2
                text21                         000C43  000008  000C4B      1886       0  CODE        2
                text55                         000C4B  000009  000C54      1896       0  CODE        2
                text25                         000C54  000009  000C5D      18A8       0  CODE        2
                text22                         000C5D  00000A  000C67      18BA       0  CODE        2
                text14                         000C67  00000A  000C71      18CE       0  CODE        2
                text72                         000C71  00000B  000C7C      18E2       0  CODE        2
                text34                         000C7C  00000B  000C87      18F8       0  CODE        2
                text24                         000C87  00000C  000C93      190E       0  CODE        2
                text39                         000C93  00000D  000CA0      1926       0  CODE        2
                text36                         000CA0  00000D  000CAD      1940       0  CODE        2
                text74                         000CAD  00000E  000CBB      195A       0  CODE        2
                text31                         000CBB  00000E  000CC9      1976       0  CODE        2
                text30                         000CC9  00000E  000CD7      1992       0  CODE        2
                text9                          000CD7  000010  000CE7      19AE       0  CODE        2
                text71                         000CE7  000011  000CF8      19CE       0  CODE        2
                text70                         000CF8  000011  000D09      19F0       0  CODE        2
                text69                         000D09  000011  000D1A      1A12       0  CODE        2
                text68                         000D1A  000011  000D2B      1A34       0  CODE        2
                text5                          000D2B  000011  000D3C      1A56       0  CODE        2
                text18                         000D3C  000016  000D52      1A78       0  CODE        2
                text17                         000D52  000017  000D69      1AA4       0  CODE        2
                text16                         000D69  000017  000D80      1AD2       0  CODE        2
                text15                         000D80  000017  000D97      1B00       0  CODE        2
                text78                         000D97  000018  000DAF      1B2E       0  CODE        2
                text67                         000DAF  000018  000DC7      1B5E       0  CODE        2
                text1                          000DC7  00001B  000DE2      1B8E       0  CODE        2
                text38                         000DE2  00001C  000DFE      1BC4       0  CODE        2
                text23                         000DFE  00001C  000E1A      1BFC       0  CODE        2
                text19                         000E1A  00001C  000E36      1C34       0  CODE        2
                text6                          000E36  00001C  000E52      1C6C       0  CODE        2
                text10                         000E52  00001E  000E70      1CA4       0  CODE        2
                text2                          000E70  00001E  000E8E      1CE0       0  CODE        2
                text26                         000E8E  000023  000EB1      1D1C       0  CODE        2
                text73                         000EB1  000024  000ED5      1D62       0  CODE        2
                text42                         000ED5  000028  000EFD      1DAA       0  CODE        2
                text41                         000EFD  000028  000F25      1DFA       0  CODE        2
                text57                         000F25  00002D  000F52      1E4A       0  CODE        2
                text33                         000F52  000035  000F87      1EA4       0  CODE        2
                text35                         000F87  000036  000FBD      1F0E       0  CODE        2
                text52                         000FBD  000043  001000      1F7A       0  CODE        2
                stringtext1                    001000  0000E9  0010E9      2000       0  STRCODE     2


UNUSED ADDRESS RANGES

        Name                Unused          Largest block    Delta
        BANK1            000CA-000EF              26           1
        BANK10           00520-0056F              50           1
        BANK11           005A0-005EF              50           1
        BANK12           00620-0064F              30           1
        BANK2            00120-0016F              50           1
        BANK3            001A0-001EF              50           1
        BANK4            00220-0026F              50           1
        BANK5            002A0-002EF              50           1
        BANK6            00320-0036F              50           1
        BANK7            003A0-003EF              50           1
        BANK8            00420-0046F              50           1
        BANK9            004A0-004EF              50           1
        BIGRAM           02000-023EF             3F0           1
        CODE             00800-00BA5             3A6           2
                         010E9-01FFF             717
        CONST            00800-00BA5             100           2
                         010E9-01FFF             100
        EEDATA           0F000-0F0FF             100           2
        ENTRY            00800-00BA5             100           2
                         010E9-01FFF             100
        IDLOC            08000-08003               4           2
        RAM              000CA-000EF              26           1
                         00120-0016F              50
                         001A0-001EF              50
                         00220-0026F              50
                         002A0-002EF              50
                         00320-0036F              50
                         003A0-003EF              50
                         00420-0046F              50
                         004A0-004EF              50
                         00520-0056F              50
                         005A0-005EF              50
                         00620-0064F              30
        SFR0             00000-0001F              20           1
        SFR1             00080-0009F              20           1
        SFR10            00500-0051F              20           1
        SFR11            00580-0059F              20           1
        SFR12            00600-0061F              20           1
        SFR13            00680-006EF              70           1
        SFR14            00700-0076F              70           1
        SFR15            00780-007EF              70           1
        SFR16            00800-0086F              70           1
        SFR17            00880-008EF              70           1
        SFR18            00900-0096F              70           1
        SFR19            00980-009EF              70           1
        SFR2             00100-0011F              20           1
        SFR20            00A00-00A6F              70           1
        SFR21            00A80-00AEF              70           1
        SFR22            00B00-00B6F              70           1
        SFR23            00B80-00BEF              70           1
        SFR24            00C00-00C6F              70           1
        SFR25            00C80-00CEF              70           1
        SFR26            00D00-00D6F              70           1
        SFR27            00D80-00DEF              70           1
        SFR28            00E00-00E6F              70           1
        SFR29            00E80-00EEF              70           1
        SFR3             00180-0019F              20           1
        SFR30            00F00-00F6F              70           1
        SFR31            00F80-00FEF              70           1
        SFR4             00200-0021F              20           1
        SFR5             00280-0029F              20           1
        SFR6             00300-0031F              20           1
        SFR7             00380-0039F              20           1
        SFR8             00400-0041F              20           1
        SFR9             00480-0049F              20           1
        STRCODE          00800-00BA5             3A6           2
                         010E9-01FFF             F17
        STRING           00800-00BA5             100           2
                         010E9-01FFF             100

                                  Symbol Table

?_abs                                          cstackCOMMON 00070
?_printf                                       cstackBANK0  0002F
?_vfprintf                                     cstackBANK0  00028
DELAY_milliseconds@milliseconds                cstackCOMMON 00070
EPWM1_LoadDutyValue@dutyValue                  cstackCOMMON 00070
EPWM2_LoadDutyValue@dutyValue                  cstackCOMMON 00070
EUSART_SetErrorHandler@interruptHandler        cstackCOMMON 00070
EUSART_SetFramingErrorHandler@interruptHandler cstackCOMMON 00070
EUSART_SetOverrunErrorHandler@interruptHandler cstackCOMMON 00070
EUSART_Write@txData                            cstackCOMMON 00070
I2C1_CallbackReturnReset@funPtr                cstackCOMMON 00077
I2C1_Close@returnValue                         cstackCOMMON 00070
I2C1_MasterOperation@read                      cstackCOMMON 0007C
I2C1_MasterOperation@returnValue               cstackCOMMON 0007D
I2C1_MasterSendTxData@data                     cstackCOMMON 00070
I2C1_Open@address                              cstackCOMMON 00070
I2C1_Open@returnValue                          cstackCOMMON 00071
I2C1_Read1ByteRegister@address                 cstackBANK0  00021
I2C1_Read1ByteRegister@reg                     cstackBANK0  00020
I2C1_Read1ByteRegister@returnValue             cstackBANK0  00022
I2C1_SetAddressNackCallback@cb                 cstackCOMMON 00074
I2C1_SetAddressNackCallback@ptr                cstackCOMMON 00076
I2C1_SetBuffer@buffer                          cstackCOMMON 00072
I2C1_SetBuffer@bufferSize                      cstackCOMMON 00070
I2C1_SetCallback@cb                            cstackCOMMON 00070
I2C1_SetCallback@idx                           cstackCOMMON 00073
I2C1_SetCallback@ptr                           cstackCOMMON 00072
I2C1_SetDataCompleteCallback@cb                cstackCOMMON 00074
I2C1_SetDataCompleteCallback@ptr               cstackCOMMON 00076
I2C1_Write1ByteRegister@address                cstackBANK0  00022
I2C1_Write1ByteRegister@data                   cstackBANK0  00021
I2C1_Write1ByteRegister@reg                    cstackBANK0  00020
PWM4_LoadDutyValue@dutyValue                   cstackCOMMON 00070
_ANSELA                                        (abs)        0018C
_ANSELB                                        (abs)        0018D
_ANSELC                                        (abs)        0018E
_APFCON0                                       (abs)        0011D
_APFCON1                                       (abs)        0011E
_BAUDCON                                       (abs)        0019F
_BORCON                                        (abs)        00116
_CCP1CON                                       (abs)        00293
_CCP2AS                                        (abs)        0029C
_CCP2CON                                       (abs)        0029A
_CCP4CON                                       (abs)        0031A
_CCPR1H                                        (abs)        00292
_CCPR1L                                        (abs)        00291
_CCPR2H                                        (abs)        00299
_CCPR2L                                        (abs)        00298
_CCPR4H                                        (abs)        00319
_CCPR4L                                        (abs)        00318
_CCPTMRSbits                                   (abs)        0029E
_DELAY_milliseconds                            text18       00D3C
_ECCP1AS                                       (abs)        00295
_EPWM1_Initialize                              text31       00CBB
_EPWM1_LoadDutyValue                           text17       00D52
_EPWM2_Initialize                              text30       00CC9
_EPWM2_LoadDutyValue                           text16       00D69
_EUSART_DefaultErrorHandler                    (abs)        00000
_EUSART_DefaultFramingErrorHandler             (abs)        00000
_EUSART_DefaultOverrunErrorHandler             (abs)        00000
_EUSART_ErrorHandler                           bssBANK1     000C4
_EUSART_FramingErrorHandler                    bssBANK0     0006C
_EUSART_Initialize                             text26       00E8E
_EUSART_OverrunErrorHandler                    bssBANK0     0006A
_EUSART_SetErrorHandler                        text29       00C16
_EUSART_SetFramingErrorHandler                 text28       00C1C
_EUSART_SetOverrunErrorHandler                 text27       00C22
_EUSART_Write                                  text14       00C67
_I2C1_CallbackReturnReset                      text65       00004
_I2C1_CallbackReturnStop                       text66       00BA6
_I2C1_Close                                    text78       00D97
_I2C1_DO_ADDRESS_NACK                          text42       00ED5
_I2C1_DO_IDLE                                  text56       00BD8
_I2C1_DO_RCEN                                  text51       00C34
_I2C1_DO_RESET                                 text43       00C00
_I2C1_DO_RX                                    text52       00FBD
_I2C1_DO_RX_ACK                                text46       00BF1
_I2C1_DO_RX_NACK_RESTART                       text44       00BFB
_I2C1_DO_RX_NACK_STOP                          text45       00BF6
_I2C1_DO_SEND_ADR_READ                         text55       00C4B
_I2C1_DO_SEND_ADR_WRITE                        text54       00C3B
_I2C1_DO_SEND_RESTART                          text48       00BE7
_I2C1_DO_SEND_RESTART_READ                     text50       00BDD
_I2C1_DO_SEND_RESTART_WRITE                    text49       00BE2
_I2C1_DO_SEND_STOP                             text47       00BEC
_I2C1_DO_TX                                    text53       00038
_I2C1_DO_TX_EMPTY                              text57       00F25
_I2C1_Initialize                               text25       00C54
_I2C1_MasterClearIrq                           text81       00BA8
_I2C1_MasterClose                              text80       00BAB
_I2C1_MasterDisableIrq                         text79       00BAE
_I2C1_MasterEnableRestart                      text76       00BB4
_I2C1_MasterFsm                                text41       00EFD
_I2C1_MasterGetRxData                          text62       00BBD
_I2C1_MasterIsNack                             text59       00C0A
_I2C1_MasterOpen                               text36       00CA0
_I2C1_MasterOperation                          text38       00DE2
_I2C1_MasterSendAck                            text61       00BC7
_I2C1_MasterSendNack                           text63       00BC3
_I2C1_MasterSendTxData                         text60       00BD3
_I2C1_MasterSetIrq                             text58       00BC0
_I2C1_MasterStart                              text77       00BB1
_I2C1_MasterStartRx                            text64       00BBA
_I2C1_MasterStop                               text75       00BB7
_I2C1_MasterWaitForEvent                       text40       00C10
_I2C1_MasterWrite                              text37       00C05
_I2C1_Open                                     text35       00F87
_I2C1_Poller                                   text39       00C93
_I2C1_Read1ByteRegister                        text33       00F52
_I2C1_SetAddressNackCallback                   text34       00C7C
_I2C1_SetBuffer                                text74       00CAD
_I2C1_SetCallback                              text73       00EB1
_I2C1_SetDataCompleteCallback                  text72       00C71
_I2C1_Status                                   bssBANK0     0004D
_I2C1_Write1ByteRegister                       text32       00006
_LATA                                          (abs)        0010C
_LATB                                          (abs)        0010D
_LATC                                          (abs)        0010E
_OPTION_REGbits                                (abs)        00095
_OSCCON                                        (abs)        00099
_OSCILLATOR_Initialize                         text24       00C87
_OSCTUNE                                       (abs)        00098
_PIE1bits                                      (abs)        00091
_PIN_MANAGER_Initialize                        text23       00DFE
_PIR1bits                                      (abs)        00011
_PIR2bits                                      (abs)        00012
_PLLR                                          (abs)        004D6
_PR2                                           (abs)        0001B
_PSTR1CON                                      (abs)        00296
_PSTR2CON                                      (abs)        0029D
_PWM1CON                                       (abs)        00294
_PWM2CON                                       (abs)        0029B
_PWM4_Initialize                               text22       00C5D
_PWM4_LoadDutyValue                            text15       00D80
_RCREG                                         (abs)        00199
_RCSTA                                         (abs)        0019D
_RCSTAbits                                     (abs)        0019D
_SPBRGH                                        (abs)        0019C
_SPBRGL                                        (abs)        0019B
_SSP1ADD                                       (abs)        00212
_SSP1BUF                                       (abs)        00211
_SSP1CON1                                      (abs)        00215
_SSP1CON1bits                                  (abs)        00215
_SSP1CON2                                      (abs)        00216
_SSP1CON2bits                                  (abs)        00216
_SSP1STAT                                      (abs)        00214
_SSP1STATbits                                  (abs)        00214
_SYSTEM_Initialize                             text19       00E1A
_T2CON                                         (abs)        0001C
_T2CONbits                                     (abs)        0001C
_TMR2                                          (abs)        0001A
_TMR2_Initialize                               text21       00C43
_TRISA                                         (abs)        0008C
_TRISB                                         (abs)        0008D
_TRISC                                         (abs)        0008E
_TXREG                                         (abs)        0019A
_TXSTA                                         (abs)        0019E
_TXSTAbits                                     (abs)        0019E
_WDTCON                                        (abs)        00097
_WDT_Initialize                                text20       00BCB
_WPUA                                          (abs)        0020C
_WPUB                                          (abs)        0020D
_WPUC                                          (abs)        0020E
__H__absolute__                                __absolute__ 00000
__Habs1                                        abs1         00000
__Hbank0                                       bank0        00000
__Hbank1                                       bank1        00000
__Hbank10                                      bank10       00000
__Hbank11                                      bank11       00000
__Hbank12                                      bank12       00000
__Hbank13                                      bank13       00000
__Hbank14                                      bank14       00000
__Hbank15                                      bank15       00000
__Hbank16                                      bank16       00000
__Hbank17                                      bank17       00000
__Hbank18                                      bank18       00000
__Hbank19                                      bank19       00000
__Hbank2                                       bank2        00000
__Hbank20                                      bank20       00000
__Hbank21                                      bank21       00000
__Hbank22                                      bank22       00000
__Hbank23                                      bank23       00000
__Hbank24                                      bank24       00000
__Hbank25                                      bank25       00000
__Hbank26                                      bank26       00000
__Hbank27                                      bank27       00000
__Hbank28                                      bank28       00000
__Hbank29                                      bank29       00000
__Hbank3                                       bank3        00000
__Hbank30                                      bank30       00000
__Hbank31                                      bank31       00000
__Hbank4                                       bank4        00000
__Hbank5                                       bank5        00000
__Hbank6                                       bank6        00000
__Hbank7                                       bank7        00000
__Hbank8                                       bank8        00000
__Hbank9                                       bank9        00000
__Hbigram                                      bigram       00000
__HbssBANK0                                    bssBANK0     00000
__HbssBANK1                                    bssBANK1     00000
__Hcinit                                       cinit        00800
__Hclrtext                                     clrtext      00000
__Hcode                                        code         00000
__Hcommon                                      common       00000
__Hconfig                                      config       08009
__HcstackBANK0                                 cstackBANK0  00000
__HcstackCOMMON                                cstackCOMMON 00000
__HdataBANK1                                   dataBANK1    00000
__Heeprom_data                                 eeprom_data  00000
__Hend_init                                    end_init     00004
__Hfunctab                                     functab      00000
__Hheap                                        heap         00000
__HidataBANK1                                  idataBANK1   00000
__Hinit                                        init         00002
__Hintentry                                    intentry     00002
__Hmaintext                                    maintext     00000
__Hpowerup                                     powerup      00000
__Hram                                         ram          00000
__Hreset_vec                                   reset_vec    00002
__Hsfr0                                        sfr0         00000
__Hsfr1                                        sfr1         00000
__Hsfr10                                       sfr10        00000
__Hsfr11                                       sfr11        00000
__Hsfr12                                       sfr12        00000
__Hsfr13                                       sfr13        00000
__Hsfr14                                       sfr14        00000
__Hsfr15                                       sfr15        00000
__Hsfr16                                       sfr16        00000
__Hsfr17                                       sfr17        00000
__Hsfr18                                       sfr18        00000
__Hsfr19                                       sfr19        00000
__Hsfr2                                        sfr2         00000
__Hsfr20                                       sfr20        00000
__Hsfr21                                       sfr21        00000
__Hsfr22                                       sfr22        00000
__Hsfr23                                       sfr23        00000
__Hsfr24                                       sfr24        00000
__Hsfr25                                       sfr25        00000
__Hsfr26                                       sfr26        00000
__Hsfr27                                       sfr27        00000
__Hsfr28                                       sfr28        00000
__Hsfr29                                       sfr29        00000
__Hsfr3                                        sfr3         00000
__Hsfr30                                       sfr30        00000
__Hsfr31                                       sfr31        00000
__Hsfr4                                        sfr4         00000
__Hsfr5                                        sfr5         00000
__Hsfr6                                        sfr6         00000
__Hsfr7                                        sfr7         00000
__Hsfr8                                        sfr8         00000
__Hsfr9                                        sfr9         00000
__Hspace_0                                     (abs)        010E9
__Hspace_1                                     (abs)        000CA
__Hspace_2                                     (abs)        00000
__Hspace_3                                     (abs)        00000
__Hspace_4                                     (abs)        10010
__Hstack                                       stack        00000
__Hstrings                                     strings      00000
__Hstringtext1                                 stringtext1  00000
__Hstringtext10                                stringtext10 00000
__Hstringtext11                                stringtext11 00000
__Hstringtext12                                stringtext12 00000
__Hstringtext13                                stringtext13 00000
__Hstringtext14                                stringtext14 00000
__Hstringtext2                                 stringtext2  00000
__Hstringtext3                                 stringtext3  00000
__Hstringtext4                                 stringtext4  00000
__Hstringtext5                                 stringtext5  00000
__Hstringtext6                                 stringtext6  00000
__Hstringtext7                                 stringtext7  00000
__Hstringtext8                                 stringtext8  00000
__Hstringtext9                                 stringtext9  00000
__Htext                                        text         00000
__L__absolute__                                __absolute__ 00000
__Labs1                                        abs1         00000
__Lbank0                                       bank0        00000
__Lbank1                                       bank1        00000
__Lbank10                                      bank10       00000
__Lbank11                                      bank11       00000
__Lbank12                                      bank12       00000
__Lbank13                                      bank13       00000
__Lbank14                                      bank14       00000
__Lbank15                                      bank15       00000
__Lbank16                                      bank16       00000
__Lbank17                                      bank17       00000
__Lbank18                                      bank18       00000
__Lbank19                                      bank19       00000
__Lbank2                                       bank2        00000
__Lbank20                                      bank20       00000
__Lbank21                                      bank21       00000
__Lbank22                                      bank22       00000
__Lbank23                                      bank23       00000
__Lbank24                                      bank24       00000
__Lbank25                                      bank25       00000
__Lbank26                                      bank26       00000
__Lbank27                                      bank27       00000
__Lbank28                                      bank28       00000
__Lbank29                                      bank29       00000
__Lbank3                                       bank3        00000
__Lbank30                                      bank30       00000
__Lbank31                                      bank31       00000
__Lbank4                                       bank4        00000
__Lbank5                                       bank5        00000
__Lbank6                                       bank6        00000
__Lbank7                                       bank7        00000
__Lbank8                                       bank8        00000
__Lbank9                                       bank9        00000
__Lbigram                                      bigram       00000
__LbssBANK0                                    bssBANK0     00000
__LbssBANK1                                    bssBANK1     00000
__Lcinit                                       cinit        007DC
__Lclrtext                                     clrtext      00000
__Lcode                                        code         00000
__Lcommon                                      common       00000
__Lconfig                                      config       00000
__LcstackBANK0                                 cstackBANK0  00000
__LcstackCOMMON                                cstackCOMMON 00000
__LdataBANK1                                   dataBANK1    00000
__Leeprom_data                                 eeprom_data  00000
__Lend_init                                    end_init     00002
__Lfunctab                                     functab      00000
__Lheap                                        heap         00000
__LidataBANK1                                  idataBANK1   00000
__Linit                                        init         00002
__Lintentry                                    intentry     00002
__Lmaintext                                    maintext     00000
__Lpowerup                                     powerup      00000
__Lram                                         ram          00000
__Lreset_vec                                   reset_vec    00000
__Lsfr0                                        sfr0         00000
__Lsfr1                                        sfr1         00000
__Lsfr10                                       sfr10        00000
__Lsfr11                                       sfr11        00000
__Lsfr12                                       sfr12        00000
__Lsfr13                                       sfr13        00000
__Lsfr14                                       sfr14        00000
__Lsfr15                                       sfr15        00000
__Lsfr16                                       sfr16        00000
__Lsfr17                                       sfr17        00000
__Lsfr18                                       sfr18        00000
__Lsfr19                                       sfr19        00000
__Lsfr2                                        sfr2         00000
__Lsfr20                                       sfr20        00000
__Lsfr21                                       sfr21        00000
__Lsfr22                                       sfr22        00000
__Lsfr23                                       sfr23        00000
__Lsfr24                                       sfr24        00000
__Lsfr25                                       sfr25        00000
__Lsfr26                                       sfr26        00000
__Lsfr27                                       sfr27        00000
__Lsfr28                                       sfr28        00000
__Lsfr29                                       sfr29        00000
__Lsfr3                                        sfr3         00000
__Lsfr30                                       sfr30        00000
__Lsfr31                                       sfr31        00000
__Lsfr4                                        sfr4         00000
__Lsfr5                                        sfr5         00000
__Lsfr6                                        sfr6         00000
__Lsfr7                                        sfr7         00000
__Lsfr8                                        sfr8         00000
__Lsfr9                                        sfr9         00000
__Lspace_0                                     (abs)        00000
__Lspace_1                                     (abs)        00000
__Lspace_2                                     (abs)        00000
__Lspace_3                                     (abs)        00000
__Lspace_4                                     (abs)        00000
__Lstack                                       stack        00000
__Lstrings                                     strings      00000
__Lstringtext1                                 stringtext1  00000
__Lstringtext10                                stringtext10 00000
__Lstringtext11                                stringtext11 00000
__Lstringtext12                                stringtext12 00000
__Lstringtext13                                stringtext13 00000
__Lstringtext14                                stringtext14 00000
__Lstringtext2                                 stringtext2  00000
__Lstringtext3                                 stringtext3  00000
__Lstringtext4                                 stringtext4  00000
__Lstringtext5                                 stringtext5  00000
__Lstringtext6                                 stringtext6  00000
__Lstringtext7                                 stringtext7  00000
__Lstringtext8                                 stringtext8  00000
__Lstringtext9                                 stringtext9  00000
__Ltext                                        text         00000
__S0                                           (abs)        010E9
__S1                                           (abs)        000CA
__S3                                           (abs)        00000
___heap_hi                                     (abs)        00000
___heap_lo                                     (abs)        00000
___int_sp                                      stack        00000
___int_stack_hi                                stack        00000
___int_stack_lo                                stack        00000
___latbits                                     (abs)        00002
___sp                                          stack        00000
___stack_hi                                    stack        00000
___stack_lo                                    stack        00000
___stackhi                                     (abs)        00000
___stacklo                                     (abs)        00000
__end_of_DELAY_milliseconds                    text18       00D52
__end_of_EPWM1_Initialize                      text31       00CC9
__end_of_EPWM1_LoadDutyValue                   text17       00D69
__end_of_EPWM2_Initialize                      text30       00CD7
__end_of_EPWM2_LoadDutyValue                   text16       00D80
__end_of_EUSART_Initialize                     text26       00EB1
__end_of_EUSART_SetErrorHandler                text29       00C1C
__end_of_EUSART_SetFramingErrorHandler         text28       00C22
__end_of_EUSART_SetOverrunErrorHandler         text27       00C28
__end_of_EUSART_Write                          text14       00C71
__end_of_I2C1_CallbackReturnReset              text65       00006
__end_of_I2C1_CallbackReturnStop               text66       00BA8
__end_of_I2C1_Close                            text78       00DAF
__end_of_I2C1_DO_ADDRESS_NACK                  text42       00EFD
__end_of_I2C1_DO_IDLE                          text56       00BDD
__end_of_I2C1_DO_RCEN                          text51       00C3B
__end_of_I2C1_DO_RESET                         text43       00C05
__end_of_I2C1_DO_RX                            text52       01000
__end_of_I2C1_DO_RX_ACK                        text46       00BF6
__end_of_I2C1_DO_RX_NACK_RESTART               text44       00C00
__end_of_I2C1_DO_RX_NACK_STOP                  text45       00BFB
__end_of_I2C1_DO_SEND_ADR_READ                 text55       00C54
__end_of_I2C1_DO_SEND_ADR_WRITE                text54       00C43
__end_of_I2C1_DO_SEND_RESTART                  text48       00BEC
__end_of_I2C1_DO_SEND_RESTART_READ             text50       00BE2
__end_of_I2C1_DO_SEND_RESTART_WRITE            text49       00BE7
__end_of_I2C1_DO_SEND_STOP                     text47       00BF1
__end_of_I2C1_DO_TX                            text53       0008B
__end_of_I2C1_DO_TX_EMPTY                      text57       00F52
__end_of_I2C1_Initialize                       text25       00C5D
__end_of_I2C1_MasterClearIrq                   text81       00BAB
__end_of_I2C1_MasterClose                      text80       00BAE
__end_of_I2C1_MasterDisableIrq                 text79       00BB1
__end_of_I2C1_MasterEnableRestart              text76       00BB7
__end_of_I2C1_MasterFsm                        text41       00F25
__end_of_I2C1_MasterGetRxData                  text62       00BC0
__end_of_I2C1_MasterIsNack                     text59       00C10
__end_of_I2C1_MasterOpen                       text36       00CAD
__end_of_I2C1_MasterOperation                  text38       00DFE
__end_of_I2C1_MasterSendAck                    text61       00BCB
__end_of_I2C1_MasterSendNack                   text63       00BC7
__end_of_I2C1_MasterSendTxData                 text60       00BD8
__end_of_I2C1_MasterSetIrq                     text58       00BC3
__end_of_I2C1_MasterStart                      text77       00BB4
__end_of_I2C1_MasterStartRx                    text64       00BBD
__end_of_I2C1_MasterStop                       text75       00BBA
__end_of_I2C1_MasterWaitForEvent               text40       00C16
__end_of_I2C1_MasterWrite                      text37       00C0A
__end_of_I2C1_Open                             text35       00FBD
__end_of_I2C1_Poller                           text39       00CA0
__end_of_I2C1_Read1ByteRegister                text33       00F87
__end_of_I2C1_SetAddressNackCallback           text34       00C87
__end_of_I2C1_SetBuffer                        text74       00CBB
__end_of_I2C1_SetCallback                      text73       00ED5
__end_of_I2C1_SetDataCompleteCallback          text72       00C7C
__end_of_I2C1_Write1ByteRegister               text32       00038
__end_of_OSCILLATOR_Initialize                 text24       00C93
__end_of_PIN_MANAGER_Initialize                text23       00E1A
__end_of_PWM4_Initialize                       text22       00C67
__end_of_PWM4_LoadDutyValue                    text15       00D97
__end_of_SYSTEM_Initialize                     text19       00E36
__end_of_TMR2_Initialize                       text21       00C4B
__end_of_WDT_Initialize                        text20       00BCF
__end_of__initialization                       cinit        007FD
__end_of_abs                                   text5        00D3C
__end_of_avada_kedavra                         text8        00206
__end_of_crucio                                text7        002A6
__end_of_dark_magic_enter                      text6        00E52
__end_of_detectMovementDirection               text4        004B9
__end_of_expecto_patronum                      text3        0034A
__end_of_fputc                                 text12       000E8
__end_of_i2c1_fsmStateTable                    stringtext1  01020
__end_of_lumos                                 text2        00E8E
__end_of_main                                  maintext     007DC
__end_of_nox                                   text1        00DE2
__end_of_printf                                text9        00CE7
__end_of_putch                                 text13       00C2E
__end_of_rd1RegCompleteHandler                 text70       00D09
__end_of_rd2RegCompleteHandler                 text69       00D1A
__end_of_rdBlkRegCompleteHandler               text67       00DC7
__end_of_vfpfcnvrt                             text11       00168
__end_of_vfprintf                              text10       00E70
__end_of_wr1RegCompleteHandler                 text68       00D2B
__end_of_wr2RegCompleteHandler                 text71       00CF8
__initialization                               cinit        007DC
__pbssBANK0                                    bssBANK0     0004D
__pbssBANK1                                    bssBANK1     000A0
__pcstackBANK0                                 cstackBANK0  00020
__pcstackCOMMON                                cstackCOMMON 00070
__pdataBANK1                                   dataBANK1    000C6
__pidataBANK1                                  idataBANK1   00BCF
__pmaintext                                    maintext     004B9
__pstringtext1                                 stringtext1  01000
__pstringtext10                                stringtext10 010BB
__pstringtext11                                stringtext11 010C7
__pstringtext12                                stringtext12 010D3
__pstringtext13                                stringtext13 010DF
__pstringtext14                                stringtext14 00000
__pstringtext2                                 stringtext2  01037
__pstringtext3                                 stringtext3  0104E
__pstringtext4                                 stringtext4  01062
__pstringtext5                                 stringtext5  01075
__pstringtext6                                 stringtext6  01087
__pstringtext7                                 stringtext7  01096
__pstringtext8                                 stringtext8  010A3
__pstringtext9                                 stringtext9  010AF
__ptext1                                       text1        00DC7
__ptext10                                      text10       00E52
__ptext11                                      text11       000E8
__ptext12                                      text12       0008B
__ptext13                                      text13       00C28
__ptext14                                      text14       00C67
__ptext15                                      text15       00D80
__ptext16                                      text16       00D69
__ptext17                                      text17       00D52
__ptext18                                      text18       00D3C
__ptext19                                      text19       00E1A
__ptext2                                       text2        00E70
__ptext20                                      text20       00BCB
__ptext21                                      text21       00C43
__ptext22                                      text22       00C5D
__ptext23                                      text23       00DFE
__ptext24                                      text24       00C87
__ptext25                                      text25       00C54
__ptext26                                      text26       00E8E
__ptext27                                      text27       00C22
__ptext28                                      text28       00C1C
__ptext29                                      text29       00C16
__ptext3                                       text3        002A6
__ptext30                                      text30       00CC9
__ptext31                                      text31       00CBB
__ptext32                                      text32       00006
__ptext33                                      text33       00F52
__ptext34                                      text34       00C7C
__ptext35                                      text35       00F87
__ptext36                                      text36       00CA0
__ptext37                                      text37       00C05
__ptext38                                      text38       00DE2
__ptext39                                      text39       00C93
__ptext4                                       text4        0034A
__ptext40                                      text40       00C10
__ptext41                                      text41       00EFD
__ptext42                                      text42       00ED5
__ptext43                                      text43       00C00
__ptext44                                      text44       00BFB
__ptext45                                      text45       00BF6
__ptext46                                      text46       00BF1
__ptext47                                      text47       00BEC
__ptext48                                      text48       00BE7
__ptext49                                      text49       00BE2
__ptext5                                       text5        00D2B
__ptext50                                      text50       00BDD
__ptext51                                      text51       00C34
__ptext52                                      text52       00FBD
__ptext53                                      text53       00038
__ptext54                                      text54       00C3B
__ptext55                                      text55       00C4B
__ptext56                                      text56       00BD8
__ptext57                                      text57       00F25
__ptext58                                      text58       00BC0
__ptext59                                      text59       00C0A
__ptext6                                       text6        00E36
__ptext60                                      text60       00BD3
__ptext61                                      text61       00BC7
__ptext62                                      text62       00BBD
__ptext63                                      text63       00BC3
__ptext64                                      text64       00BBA
__ptext65                                      text65       00004
__ptext66                                      text66       00BA6
__ptext67                                      text67       00DAF
__ptext68                                      text68       00D1A
__ptext69                                      text69       00D09
__ptext7                                       text7        00206
__ptext70                                      text70       00CF8
__ptext71                                      text71       00CE7
__ptext72                                      text72       00C71
__ptext73                                      text73       00EB1
__ptext74                                      text74       00CAD
__ptext75                                      text75       00BB7
__ptext76                                      text76       00BB4
__ptext77                                      text77       00BB1
__ptext78                                      text78       00D97
__ptext79                                      text79       00BAE
__ptext8                                       text8        00168
__ptext80                                      text80       00BAB
__ptext81                                      text81       00BA8
__ptext9                                       text9        00CD7
_abs                                           text5        00D2B
_avada_kedavra                                 text8        00168
_crucio                                        text7        00206
_dark_magic_enter                              text6        00E36
_detectMovementDirection                       text4        0034A
_eusartRxLastError                             bssBANK0     0006F
_expecto_patronum                              text3        002A6
_flags                                         bssBANK0     0006E
_fputc                                         text12       0008B
_i2c1_fsmStateTable                            stringtext1  01000
_lumos                                         text2        00E70
_main                                          maintext     004B9
_nox                                           text1        00DC7
_prec                                          bssBANK1     000C2
_printf                                        text9        00CD7
_putch                                         text13       00C28
_rd1RegCompleteHandler                         text70       00CF8
_rd2RegCompleteHandler                         text69       00D09
_rdBlkRegCompleteHandler                       text67       00DAF
_vfpfcnvrt                                     text11       000E8
_vfprintf                                      text10       00E52
_width                                         bssBANK1     000C0
_wr1RegCompleteHandler                         text68       00D1A
_wr2RegCompleteHandler                         text71       00CE7
abs@a                                          cstackCOMMON 00070
btemp                                          (abs)        0007E
clear_ram0                                     clrtext      00C2E
detectMovementDirection@axis                   cstackCOMMON 00078
detectMovementDirection@prev_axis              cstackCOMMON 00074
end_of_initialization                          cinit        007FD
fputc@c                                        cstackCOMMON 00072
fputc@fp                                       cstackCOMMON 00074
intlevel0                                      functab      00000
intlevel1                                      functab      00000
intlevel2                                      functab      00000
intlevel3                                      functab      00000
intlevel4                                      functab      00000
intlevel5                                      functab      00000
main@F3147                                     dataBANK1    000C6
main@axis                                      cstackBANK0  00046
main@casting_state                             cstackBANK0  00045
main@discrete_counter                          cstackBANK0  00041
main@prev_axis                                 cstackBANK0  00042
main@spell_movements                           cstackBANK0  00049
printf@ap                                      cstackCOMMON 0007D
printf@fmt                                     cstackBANK0  0002F
putch@txData                                   cstackCOMMON 00071
rd1RegCompleteHandler@ptr                      cstackCOMMON 00077
rd2RegCompleteHandler@ptr                      cstackCOMMON 00077
rdBlkRegCompleteHandler@ptr                    cstackCOMMON 00077
reset_vec                                      reset_vec    00000
start                                          init         00002
start_initialization                           cinit        007DC
vfpfcnvrt@ap                                   cstackBANK0  00023
vfpfcnvrt@c                                    cstackCOMMON 0007B
vfpfcnvrt@fmt                                  cstackBANK0  00022
vfpfcnvrt@fp                                   cstackBANK0  00020
vfprintf@ap                                    cstackBANK0  0002C
vfprintf@cfmt                                  cstackBANK0  0002D
vfprintf@fmt                                   cstackBANK0  0002A
vfprintf@fp                                    cstackBANK0  00028
wr1RegCompleteHandler@ptr                      cstackCOMMON 00077
wr2RegCompleteHandler@ptr                      cstackCOMMON 00077
wtemp0                                         (abs)        0007E


MODULE INFORMATION

Module		Function		Class		Link	Load	Size
mcc_generated_files/examples/i2c1_master_example.c
		_wr1RegCompleteHandler		CODE           	0D1A	0000	17
		_wr2RegCompleteHandler		CODE           	0CE7	0000	17
		_I2C1_Write1ByteRegister		CODE           	0006	0000	50
		_rdBlkRegCompleteHandler		CODE           	0DAF	0000	24
		_rd1RegCompleteHandler		CODE           	0CF8	0000	17
		_rd2RegCompleteHandler		CODE           	0D09	0000	17
		_I2C1_Read1ByteRegister		CODE           	0F52	0000	53

mcc_generated_files/examples/i2c1_master_example.c estimated size: 195

mcc_generated_files/i2c1_master.c
		_I2C1_DO_SEND_RESTART		CODE           	0BE7	0000	5
		_I2C1_DO_TX_EMPTY		CODE           	0F25	0000	45
		_I2C1_DO_SEND_RESTART_READ		CODE           	0BDD	0000	5
		_I2C1_CallbackReturnStop		CODE           	0BA6	0000	2
		_I2C1_DO_RX    		CODE           	0FBD	0000	67
		_I2C1_DO_TX    		CODE           	0038	0000	83
		_I2C1_SetAddressNackCallback		CODE           	0C7C	0000	11
		_I2C1_DO_IDLE  		CODE           	0BD8	0000	5
		_I2C1_MasterOpen		CODE           	0CA0	0000	13
		_I2C1_DO_RCEN  		CODE           	0C34	0000	7
		_I2C1_MasterSendTxData		CODE           	0BD3	0000	5
		_I2C1_MasterStop		CODE           	0BB7	0000	3
		_I2C1_CallbackReturnReset		CODE           	0004	0000	2
		_I2C1_DO_RESET 		CODE           	0C00	0000	5
		_I2C1_MasterStartRx		CODE           	0BBA	0000	3
		_I2C1_Poller   		CODE           	0C93	0000	13
		_I2C1_DO_RX_ACK		CODE           	0BF1	0000	5
		_I2C1_MasterWaitForEvent		CODE           	0C10	0000	6
		_I2C1_MasterSendNack		CODE           	0BC3	0000	4
		_I2C1_DO_RX_NACK_RESTART		CODE           	0BFB	0000	5
		_I2C1_MasterDisableIrq		CODE           	0BAE	0000	3
		_I2C1_MasterOperation		CODE           	0DE2	0000	28
		_I2C1_SetCallback		CODE           	0EB1	0000	36
		_I2C1_MasterEnableRestart		CODE           	0BB4	0000	3
		_I2C1_Open     		CODE           	0F87	0000	54
		_I2C1_DO_ADDRESS_NACK		CODE           	0ED5	0000	40
		_I2C1_SetBuffer		CODE           	0CAD	0000	14
		_I2C1_DO_SEND_RESTART_WRITE		CODE           	0BE2	0000	5
		_I2C1_MasterClose		CODE           	0BAB	0000	3
		_I2C1_MasterWrite		CODE           	0C05	0000	5
		_I2C1_Initialize		CODE           	0C54	0000	9
		_I2C1_Close    		CODE           	0D97	0000	24
		_I2C1_MasterIsNack		CODE           	0C0A	0000	6
		_I2C1_MasterStart		CODE           	0BB1	0000	3
		_I2C1_DO_SEND_ADR_WRITE		CODE           	0C3B	0000	8
		_I2C1_MasterClearIrq		CODE           	0BA8	0000	3
		_I2C1_SetDataCompleteCallback		CODE           	0C71	0000	11
		_I2C1_DO_SEND_STOP		CODE           	0BEC	0000	5
		_I2C1_MasterSendAck		CODE           	0BC7	0000	4
		_I2C1_MasterFsm		CODE           	0EFD	0000	40
		_I2C1_MasterGetRxData		CODE           	0BBD	0000	3
		_I2C1_MasterSetIrq		CODE           	0BC0	0000	3
		_I2C1_DO_SEND_ADR_READ		CODE           	0C4B	0000	9
		_I2C1_DO_RX_NACK_STOP		CODE           	0BF6	0000	5

mcc_generated_files/i2c1_master.c estimated size: 618

mcc_generated_files/pwm4.c
		_PWM4_Initialize		CODE           	0C5D	0000	10
		_PWM4_LoadDutyValue		CODE           	0D80	0000	23

mcc_generated_files/pwm4.c estimated size: 33

mcc_generated_files/tmr2.c
		_TMR2_Initialize		CODE           	0C43	0000	8

mcc_generated_files/tmr2.c estimated size: 8

mcc_generated_files/epwm2.c
		_EPWM2_LoadDutyValue		CODE           	0D69	0000	23
		_EPWM2_Initialize		CODE           	0CC9	0000	14

mcc_generated_files/epwm2.c estimated size: 37

mcc_generated_files/pin_manager.c
		_PIN_MANAGER_Initialize		CODE           	0DFE	0000	28

mcc_generated_files/pin_manager.c estimated size: 28

C:\Program Files\Microchip\xc8\v2.45\pic\sources\c99\common\printf.c
		_printf        		CODE           	0CD7	0000	16

C:\Program Files\Microchip\xc8\v2.45\pic\sources\c99\common\printf.c estimated size: 16

shared
		__initialization		CODE           	07DC	0000	33
		_i2c1_fsmStateTable		STRCODE        	1000	0000	32

shared estimated size: 65

C:\Program Files\Microchip\xc8\v2.45\pic\sources\c99\common\abs.c
		_abs           		CODE           	0D2B	0000	17

C:\Program Files\Microchip\xc8\v2.45\pic\sources\c99\common\abs.c estimated size: 17

mcc_generated_files/mcc.c
		_WDT_Initialize		CODE           	0BCB	0000	4
		_OSCILLATOR_Initialize		CODE           	0C87	0000	12
		_SYSTEM_Initialize		CODE           	0E1A	0000	28

mcc_generated_files/mcc.c estimated size: 44

mcc_generated_files/epwm1.c
		_EPWM1_LoadDutyValue		CODE           	0D52	0000	23
		_EPWM1_Initialize		CODE           	0CBB	0000	14

mcc_generated_files/epwm1.c estimated size: 37

mcc_generated_files/delay.c
		_DELAY_milliseconds		CODE           	0D3C	0000	22

mcc_generated_files/delay.c estimated size: 22

mcc_generated_files/eusart.c
		_putch         		CODE           	0C28	0000	6
		_EUSART_Write  		CODE           	0C67	0000	10
		_EUSART_Initialize		CODE           	0E8E	0000	35
		_EUSART_SetFramingErrorHandler		CODE           	0C1C	0000	6
		_EUSART_SetErrorHandler		CODE           	0C16	0000	6
		_EUSART_SetOverrunErrorHandler		CODE           	0C22	0000	6

mcc_generated_files/eusart.c estimated size: 69

main.c
		_dark_magic_enter		CODE           	0E36	0000	28
		_main          		CODE           	04B9	0000	803
		_crucio        		CODE           	0206	0000	160
		_detectMovementDirection		CODE           	034A	0000	367
		_avada_kedavra 		CODE           	0168	0000	158
		_expecto_patronum		CODE           	02A6	0000	164
		_lumos         		CODE           	0E70	0000	30
		_nox           		CODE           	0DC7	0000	27

main.c estimated size: 1737

C:\Program Files\Microchip\xc8\v2.45\pic\sources\c99\common\nf_fputc.c
		_fputc         		CODE           	008B	0000	93

C:\Program Files\Microchip\xc8\v2.45\pic\sources\c99\common\nf_fputc.c estimated size: 93

C:\Program Files\Microchip\xc8\v2.45\pic\sources\c99\common\doprnt.c
		_vfpfcnvrt     		CODE           	00E8	0000	128
		_vfprintf      		CODE           	0E52	0000	30

C:\Program Files\Microchip\xc8\v2.45\pic\sources\c99\common\doprnt.c estimated size: 158

